
> cra-bakend@1.0.0 dev
> nodemon src/server.ts

[33m[nodemon] 3.1.10[39m
[33m[nodemon] to restart at any time, enter `rs`[39m
[33m[nodemon] watching path(s): *.*[39m
[33m[nodemon] watching extensions: ts,json[39m
[32m[nodemon] starting `ts-node src/server.ts`[39m
✅ Application CRA configurée avec succès
🔌 Initialisation du service WebSocket...
🔌 Service WebSocket initialisé
🔌 Service WebSocket initialisé
💬 Initialisation du service WebSocket Chat...
💬 Service WebSocket Chat initialisé
💬 Service WebSocket Chat initialisé
📅 Configuration des tâches automatiques...
📅 Notifications récurrentes programmées
📅 Notifications récurrentes programmées
🔧 Endpoints de développement activés:
   POST /dev/restart-services - Redémarrer les services
   GET  /dev/stats - Statistiques détaillées
   POST /dev/test-notification - Tester les notifications
🎉 Serveur CRA Platform configuré avec succès !
📝 Fonctionnalités activées:
   - WebSocket temps réel
   - Notifications automatiques
   - Monitoring avancé
   - Arrêt gracieux
   - Nettoyage automatique (production)
   - Endpoints de développement (dev)


🚀 =======================================
🚀     PLATEFORME CRA DÉMARRÉE         🚀
🚀 =======================================

🌐 Serveur principal: http://0.0.0.0:3001
🔌 WebSocket: ws://0.0.0.0:3001/socket.io
💊 Health check: http://0.0.0.0:3001/health
📊 Metrics: http://0.0.0.0:3001/metrics
📡 API Base: http://0.0.0.0:3001/api

🎯 ========== MODULES ACTIFS ==========
  ✅ Authentification JWT
  ✅ Gestion des utilisateurs
  ✅ Gestion des projets
  ✅ Gestion des activités
  ✅ Gestion des tâches
  ✅ Gestion des documents
  ✅ Système de formulaires
  ✅ Gestion des événements
  ✅ Système de reports
  ✅ Notifications temps réel
  ✅ Dashboard analytics
  ✅ Système d'audit complet

🔐 ========= SÉCURITÉ ACTIVE ==========
  ✅ CORS configuré
  ✅ Helmet (sécurité headers)
  ✅ Rate limiting
  ✅ Compression activée
  ✅ Audit trails automatiques
  ✅ Validation Zod
  ✅ Upload sécurisé

📈 ======== FONCTIONNALITÉS ==========
  🔔 Notifications temps réel
  📊 Analytics et métriques
  🛡️ Audit de sécurité
  📁 Gestion de fichiers
  🎓 Système de séminaires
  📝 Génération de rapports
  📝 Formulaires dynamiques
  💬 Commentaires contextuels
  📱 API REST complète

🌟 ========== ENDPOINTS =============
  🔑 POST   /api/auth/login
  🔑 POST   /api/auth/register
  👥 GET    /api/users
  📂 GET    /api/projects
  📋 GET    /api/activities
     GET       /api/publications
  📄 GET    /api/conventions
  📚 GET    /api/knowledge-transfers
  💰 GET    /api/fundings
  📅 GET    /api/plannings
  📄 GET    /api/documents
  📝 GET    /api/forms
  📝 GET    /api/reports
  🎓 GET    /api/seminars
  💬 GET    /api/comments
  🔔 GET    /api/notifications
  📊 GET    /api/dashboard
  🛡️ GET    /api/audit

🎊 Environnement: DEVELOPMENT
⏰ Démarré le: 16/01/2026 02:51:48

🔌 ======== WEBSOCKET INFO ===========
  📡 Utilisateurs connectés: 0
  🔗 Connexions actives: 0
  ✅ Service temps réel activé

🚀 PLATEFORME CRA PRÊTE POUR LA PRODUCTION ! 🚀
=======================================

🔧 Mode développement activé
📝 Logs détaillés activés
🔄 Hot reload disponible

📋 Pour tester l'API:
   curl http://0.0.0.0:3001/health
   curl http://0.0.0.0:3001/api

🔗 Liens utiles:
   📡 API Documentation: http://0.0.0.0:3001/api
   💊 Health Check: http://0.0.0.0:3001/health
   📊 Metrics: http://0.0.0.0:3001/metrics
   🔌 WebSocket Test: ws://0.0.0.0:3001/socket.io


[32m[nodemon] restarting due to changes...[39m
[32m[nodemon] starting `ts-node src/server.ts`[39m
✅ Application CRA configurée avec succès
🔌 Initialisation du service WebSocket...
🔌 Service WebSocket initialisé
🔌 Service WebSocket initialisé
💬 Initialisation du service WebSocket Chat...
💬 Service WebSocket Chat initialisé
💬 Service WebSocket Chat initialisé
📅 Configuration des tâches automatiques...
📅 Notifications récurrentes programmées
📅 Notifications récurrentes programmées
🔧 Endpoints de développement activés:
   POST /dev/restart-services - Redémarrer les services
   GET  /dev/stats - Statistiques détaillées
   POST /dev/test-notification - Tester les notifications
🎉 Serveur CRA Platform configuré avec succès !
📝 Fonctionnalités activées:
   - WebSocket temps réel
   - Notifications automatiques
   - Monitoring avancé
   - Arrêt gracieux
   - Nettoyage automatique (production)
   - Endpoints de développement (dev)


🚀 =======================================
🚀     PLATEFORME CRA DÉMARRÉE         🚀
🚀 =======================================

🌐 Serveur principal: http://0.0.0.0:3001
🔌 WebSocket: ws://0.0.0.0:3001/socket.io
💊 Health check: http://0.0.0.0:3001/health
📊 Metrics: http://0.0.0.0:3001/metrics
📡 API Base: http://0.0.0.0:3001/api

🎯 ========== MODULES ACTIFS ==========
  ✅ Authentification JWT
  ✅ Gestion des utilisateurs
  ✅ Gestion des projets
  ✅ Gestion des activités
  ✅ Gestion des tâches
  ✅ Gestion des documents
  ✅ Système de formulaires
  ✅ Gestion des événements
  ✅ Système de reports
  ✅ Notifications temps réel
  ✅ Dashboard analytics
  ✅ Système d'audit complet

🔐 ========= SÉCURITÉ ACTIVE ==========
  ✅ CORS configuré
  ✅ Helmet (sécurité headers)
  ✅ Rate limiting
  ✅ Compression activée
  ✅ Audit trails automatiques
  ✅ Validation Zod
  ✅ Upload sécurisé

📈 ======== FONCTIONNALITÉS ==========
  🔔 Notifications temps réel
  📊 Analytics et métriques
  🛡️ Audit de sécurité
  📁 Gestion de fichiers
  🎓 Système de séminaires
  📝 Génération de rapports
  📝 Formulaires dynamiques
  💬 Commentaires contextuels
  📱 API REST complète

🌟 ========== ENDPOINTS =============
  🔑 POST   /api/auth/login
  🔑 POST   /api/auth/register
  👥 GET    /api/users
  📂 GET    /api/projects
  📋 GET    /api/activities
     GET       /api/publications
  📄 GET    /api/conventions
  📚 GET    /api/knowledge-transfers
  💰 GET    /api/fundings
  📅 GET    /api/plannings
  📄 GET    /api/documents
  📝 GET    /api/forms
  📝 GET    /api/reports
  🎓 GET    /api/seminars
  💬 GET    /api/comments
  🔔 GET    /api/notifications
  📊 GET    /api/dashboard
  🛡️ GET    /api/audit

🎊 Environnement: DEVELOPMENT
⏰ Démarré le: 16/01/2026 02:53:43

🔌 ======== WEBSOCKET INFO ===========
  📡 Utilisateurs connectés: 0
  🔗 Connexions actives: 0
  ✅ Service temps réel activé

🚀 PLATEFORME CRA PRÊTE POUR LA PRODUCTION ! 🚀
=======================================

🔧 Mode développement activé
📝 Logs détaillés activés
🔄 Hot reload disponible

📋 Pour tester l'API:
   curl http://0.0.0.0:3001/health
   curl http://0.0.0.0:3001/api

🔗 Liens utiles:
   📡 API Documentation: http://0.0.0.0:3001/api
   💊 Health Check: http://0.0.0.0:3001/health
   📊 Metrics: http://0.0.0.0:3001/metrics
   🔌 WebSocket Test: ws://0.0.0.0:3001/socket.io


[32m[nodemon] restarting due to changes...[39m
[32m[nodemon] starting `ts-node src/server.ts`[39m
✅ Application CRA configurée avec succès
🔌 Initialisation du service WebSocket...
🔌 Service WebSocket initialisé
🔌 Service WebSocket initialisé
💬 Initialisation du service WebSocket Chat...
💬 Service WebSocket Chat initialisé
💬 Service WebSocket Chat initialisé
📅 Configuration des tâches automatiques...
📅 Notifications récurrentes programmées
📅 Notifications récurrentes programmées
🔧 Endpoints de développement activés:
   POST /dev/restart-services - Redémarrer les services
   GET  /dev/stats - Statistiques détaillées
   POST /dev/test-notification - Tester les notifications
🎉 Serveur CRA Platform configuré avec succès !
📝 Fonctionnalités activées:
   - WebSocket temps réel
   - Notifications automatiques
   - Monitoring avancé
   - Arrêt gracieux
   - Nettoyage automatique (production)
   - Endpoints de développement (dev)


🚀 =======================================
🚀     PLATEFORME CRA DÉMARRÉE         🚀
🚀 =======================================

🌐 Serveur principal: http://0.0.0.0:3001
🔌 WebSocket: ws://0.0.0.0:3001/socket.io
💊 Health check: http://0.0.0.0:3001/health
📊 Metrics: http://0.0.0.0:3001/metrics
📡 API Base: http://0.0.0.0:3001/api

🎯 ========== MODULES ACTIFS ==========
  ✅ Authentification JWT
  ✅ Gestion des utilisateurs
  ✅ Gestion des projets
  ✅ Gestion des activités
  ✅ Gestion des tâches
  ✅ Gestion des documents
  ✅ Système de formulaires
  ✅ Gestion des événements
  ✅ Système de reports
  ✅ Notifications temps réel
  ✅ Dashboard analytics
  ✅ Système d'audit complet

🔐 ========= SÉCURITÉ ACTIVE ==========
  ✅ CORS configuré
  ✅ Helmet (sécurité headers)
  ✅ Rate limiting
  ✅ Compression activée
  ✅ Audit trails automatiques
  ✅ Validation Zod
  ✅ Upload sécurisé

📈 ======== FONCTIONNALITÉS ==========
  🔔 Notifications temps réel
  📊 Analytics et métriques
  🛡️ Audit de sécurité
  📁 Gestion de fichiers
  🎓 Système de séminaires
  📝 Génération de rapports
  📝 Formulaires dynamiques
  💬 Commentaires contextuels
  📱 API REST complète

🌟 ========== ENDPOINTS =============
  🔑 POST   /api/auth/login
  🔑 POST   /api/auth/register
  👥 GET    /api/users
  📂 GET    /api/projects
  📋 GET    /api/activities
     GET       /api/publications
  📄 GET    /api/conventions
  📚 GET    /api/knowledge-transfers
  💰 GET    /api/fundings
  📅 GET    /api/plannings
  📄 GET    /api/documents
  📝 GET    /api/forms
  📝 GET    /api/reports
  🎓 GET    /api/seminars
  💬 GET    /api/comments
  🔔 GET    /api/notifications
  📊 GET    /api/dashboard
  🛡️ GET    /api/audit

🎊 Environnement: DEVELOPMENT
⏰ Démarré le: 16/01/2026 02:54:09

🔌 ======== WEBSOCKET INFO ===========
  📡 Utilisateurs connectés: 0
  🔗 Connexions actives: 0
  ✅ Service temps réel activé

🚀 PLATEFORME CRA PRÊTE POUR LA PRODUCTION ! 🚀
=======================================

🔧 Mode développement activé
📝 Logs détaillés activés
🔄 Hot reload disponible

📋 Pour tester l'API:
   curl http://0.0.0.0:3001/health
   curl http://0.0.0.0:3001/api

🔗 Liens utiles:
   📡 API Documentation: http://0.0.0.0:3001/api
   💊 Health Check: http://0.0.0.0:3001/health
   📊 Metrics: http://0.0.0.0:3001/metrics
   🔌 WebSocket Test: ws://0.0.0.0:3001/socket.io


[32m[nodemon] restarting due to changes...[39m
[32m[nodemon] restarting due to changes...[39m
[32m[nodemon] restarting due to changes...[39m
[32m[nodemon] restarting due to changes...[39m
[32m[nodemon] restarting due to changes...[39m
[32m[nodemon] starting `ts-node src/server.ts`[39m
[32m[nodemon] restarting due to changes...[39m
[32m[nodemon] restarting due to changes...[39m
[32m[nodemon] restarting due to changes...[39m
[32m[nodemon] restarting due to changes...[39m
[32m[nodemon] restarting due to changes...[39m
[32m[nodemon] restarting due to changes...[39m
[32m[nodemon] starting `ts-node src/server.ts`[39m
[32m[nodemon] restarting due to changes...[39m
[32m[nodemon] restarting due to changes...[39m
[32m[nodemon] restarting due to changes...[39m
[32m[nodemon] restarting due to changes...[39m
[32m[nodemon] restarting due to changes...[39m
[32m[nodemon] restarting due to changes...[39m
[32m[nodemon] restarting due to changes...[39m
[32m[nodemon] restarting due to changes...[39m
[32m[nodemon] restarting due to changes...[39m
[32m[nodemon] restarting due to changes...[39m
[32m[nodemon] restarting due to changes...[39m
[32m[nodemon] restarting due to changes...[39m
[32m[nodemon] restarting due to changes...[39m
[32m[nodemon] restarting due to changes...[39m
[32m[nodemon] starting `ts-node src/server.ts`[39m
[32m[nodemon] restarting due to changes...[39m
[32m[nodemon] restarting due to changes...[39m
[32m[nodemon] restarting due to changes...[39m
[32m[nodemon] restarting due to changes...[39m
[32m[nodemon] restarting due to changes...[39m
[32m[nodemon] restarting due to changes...[39m
[32m[nodemon] restarting due to changes...[39m
[32m[nodemon] restarting due to changes...[39m
[32m[nodemon] restarting due to changes...[39m
[32m[nodemon] restarting due to changes...[39m
[32m[nodemon] starting `ts-node src/server.ts`[39m
[32m[nodemon] restarting due to changes...[39m
[32m[nodemon] restarting due to changes...[39m
[32m[nodemon] restarting due to changes...[39m
[32m[nodemon] restarting due to changes...[39m
[32m[nodemon] restarting due to changes...[39m
[32m[nodemon] restarting due to changes...[39m
[32m[nodemon] restarting due to changes...[39m
[32m[nodemon] restarting due to changes...[39m
[32m[nodemon] restarting due to changes...[39m
[32m[nodemon] restarting due to changes...[39m
[32m[nodemon] restarting due to changes...[39m
[32m[nodemon] restarting due to changes...[39m
[32m[nodemon] restarting due to changes...[39m
[32m[nodemon] restarting due to changes...[39m
[32m[nodemon] restarting due to changes...[39m
[32m[nodemon] restarting due to changes...[39m
[32m[nodemon] restarting due to changes...[39m
[32m[nodemon] restarting due to changes...[39m
[32m[nodemon] restarting due to changes...[39m
[32m[nodemon] starting `ts-node src/server.ts`[39m
[32m[nodemon] restarting due to changes...[39m
[32m[nodemon] restarting due to changes...[39m
[32m[nodemon] restarting due to changes...[39m
[32m[nodemon] restarting due to changes...[39m
[32m[nodemon] restarting due to changes...[39m
[32m[nodemon] restarting due to changes...[39m
[32m[nodemon] restarting due to changes...[39m
[32m[nodemon] restarting due to changes...[39m
[32m[nodemon] restarting due to changes...[39m
[32m[nodemon] restarting due to changes...[39m
[32m[nodemon] restarting due to changes...[39m
[32m[nodemon] restarting due to changes...[39m
[32m[nodemon] restarting due to changes...[39m
[32m[nodemon] restarting due to changes...[39m
[32m[nodemon] starting `ts-node src/server.ts`[39m
[32m[nodemon] restarting due to changes...[39m
[32m[nodemon] restarting due to changes...[39m
[32m[nodemon] restarting due to changes...[39m
[32m[nodemon] restarting due to changes...[39m
[32m[nodemon] restarting due to changes...[39m
[32m[nodemon] restarting due to changes...[39m
[32m[nodemon] restarting due to changes...[39m
[32m[nodemon] restarting due to changes...[39m
[32m[nodemon] restarting due to changes...[39m
[32m[nodemon] restarting due to changes...[39m
[32m[nodemon] restarting due to changes...[39m
[32m[nodemon] restarting due to changes...[39m
[32m[nodemon] restarting due to changes...[39m
[32m[nodemon] restarting due to changes...[39m
[32m[nodemon] restarting due to changes...[39m
[32m[nodemon] restarting due to changes...[39m
[32m[nodemon] starting `ts-node src/server.ts`[39m
[32m[nodemon] restarting due to changes...[39m
[32m[nodemon] restarting due to changes...[39m
[32m[nodemon] restarting due to changes...[39m
[32m[nodemon] restarting due to changes...[39m
[32m[nodemon] restarting due to changes...[39m
[32m[nodemon] restarting due to changes...[39m
[32m[nodemon] restarting due to changes...[39m
[32m[nodemon] restarting due to changes...[39m
[32m[nodemon] restarting due to changes...[39m
[32m[nodemon] restarting due to changes...[39m
[32m[nodemon] restarting due to changes...[39m
[32m[nodemon] restarting due to changes...[39m
[32m[nodemon] restarting due to changes...[39m
[32m[nodemon] restarting due to changes...[39m
[32m[nodemon] restarting due to changes...[39m
[32m[nodemon] restarting due to changes...[39m
[32m[nodemon] restarting due to changes...[39m
[32m[nodemon] restarting due to changes...[39m
[32m[nodemon] restarting due to changes...[39m
[32m[nodemon] restarting due to changes...[39m
[32m[nodemon] restarting due to changes...[39m
[32m[nodemon] restarting due to changes...[39m
[32m[nodemon] restarting due to changes...[39m
[32m[nodemon] restarting due to changes...[39m
[32m[nodemon] restarting due to changes...[39m
[32m[nodemon] restarting due to changes...[39m
[32m[nodemon] restarting due to changes...[39m
[32m[nodemon] restarting due to changes...[39m
[32m[nodemon] restarting due to changes...[39m
[32m[nodemon] restarting due to changes...[39m
[32m[nodemon] restarting due to changes...[39m
[32m[nodemon] restarting due to changes...[39m
[32m[nodemon] restarting due to changes...[39m
[32m[nodemon] restarting due to changes...[39m
[32m[nodemon] restarting due to changes...[39m
[32m[nodemon] restarting due to changes...[39m
[32m[nodemon] restarting due to changes...[39m
[32m[nodemon] restarting due to changes...[39m
[32m[nodemon] restarting due to changes...[39m
[32m[nodemon] restarting due to changes...[39m
[32m[nodemon] restarting due to changes...[39m
[32m[nodemon] restarting due to changes...[39m
[32m[nodemon] restarting due to changes...[39m
[32m[nodemon] restarting due to changes...[39m
[32m[nodemon] restarting due to changes...[39m
[32m[nodemon] restarting due to changes...[39m
[32m[nodemon] restarting due to changes...[39m
[32m[nodemon] restarting due to changes...[39m
[32m[nodemon] restarting due to changes...[39m
[32m[nodemon] restarting due to changes...[39m
[32m[nodemon] restarting due to changes...[39m
[32m[nodemon] restarting due to changes...[39m
[32m[nodemon] restarting due to changes...[39m
[32m[nodemon] restarting due to changes...[39m
[32m[nodemon] starting `ts-node src/server.ts`[39m
[32m[nodemon] restarting due to changes...[39m
[32m[nodemon] restarting due to changes...[39m
[32m[nodemon] restarting due to changes...[39m
[32m[nodemon] restarting due to changes...[39m
[32m[nodemon] restarting due to changes...[39m
[32m[nodemon] restarting due to changes...[39m
[32m[nodemon] restarting due to changes...[39m
[32m[nodemon] restarting due to changes...[39m
[32m[nodemon] restarting due to changes...[39m
[32m[nodemon] restarting due to changes...[39m
[32m[nodemon] restarting due to changes...[39m
[32m[nodemon] restarting due to changes...[39m
[32m[nodemon] restarting due to changes...[39m
[32m[nodemon] restarting due to changes...[39m
[32m[nodemon] starting `ts-node src/server.ts`[39m
✅ Application CRA configurée avec succès
🔌 Initialisation du service WebSocket...
🔌 Service WebSocket initialisé
🔌 Service WebSocket initialisé
💬 Initialisation du service WebSocket Chat...
💬 Service WebSocket Chat initialisé
💬 Service WebSocket Chat initialisé
📅 Configuration des tâches automatiques...
📅 Notifications récurrentes programmées
📅 Notifications récurrentes programmées
🔧 Endpoints de développement activés:
   POST /dev/restart-services - Redémarrer les services
   GET  /dev/stats - Statistiques détaillées
   POST /dev/test-notification - Tester les notifications
🎉 Serveur CRA Platform configuré avec succès !
📝 Fonctionnalités activées:
   - WebSocket temps réel
   - Notifications automatiques
   - Monitoring avancé
   - Arrêt gracieux
   - Nettoyage automatique (production)
   - Endpoints de développement (dev)


🚀 =======================================
🚀     PLATEFORME CRA DÉMARRÉE         🚀
🚀 =======================================

🌐 Serveur principal: http://0.0.0.0:3001
🔌 WebSocket: ws://0.0.0.0:3001/socket.io
💊 Health check: http://0.0.0.0:3001/health
📊 Metrics: http://0.0.0.0:3001/metrics
📡 API Base: http://0.0.0.0:3001/api

🎯 ========== MODULES ACTIFS ==========
  ✅ Authentification JWT
  ✅ Gestion des utilisateurs
  ✅ Gestion des projets
  ✅ Gestion des activités
  ✅ Gestion des tâches
  ✅ Gestion des documents
  ✅ Système de formulaires
  ✅ Gestion des événements
  ✅ Système de reports
  ✅ Notifications temps réel
  ✅ Dashboard analytics
  ✅ Système d'audit complet

🔐 ========= SÉCURITÉ ACTIVE ==========
  ✅ CORS configuré
  ✅ Helmet (sécurité headers)
  ✅ Rate limiting
  ✅ Compression activée
  ✅ Audit trails automatiques
  ✅ Validation Zod
  ✅ Upload sécurisé

📈 ======== FONCTIONNALITÉS ==========
  🔔 Notifications temps réel
  📊 Analytics et métriques
  🛡️ Audit de sécurité
  📁 Gestion de fichiers
  🎓 Système de séminaires
  📝 Génération de rapports
  📝 Formulaires dynamiques
  💬 Commentaires contextuels
  📱 API REST complète

🌟 ========== ENDPOINTS =============
  🔑 POST   /api/auth/login
  🔑 POST   /api/auth/register
  👥 GET    /api/users
  📂 GET    /api/projects
  📋 GET    /api/activities
     GET       /api/publications
  📄 GET    /api/conventions
  📚 GET    /api/knowledge-transfers
  💰 GET    /api/fundings
  📅 GET    /api/plannings
  📄 GET    /api/documents
  📝 GET    /api/forms
  📝 GET    /api/reports
  🎓 GET    /api/seminars
  💬 GET    /api/comments
  🔔 GET    /api/notifications
  📊 GET    /api/dashboard
  🛡️ GET    /api/audit

🎊 Environnement: DEVELOPMENT
⏰ Démarré le: 16/01/2026 02:54:49

🔌 ======== WEBSOCKET INFO ===========
  📡 Utilisateurs connectés: 0
  🔗 Connexions actives: 0
  ✅ Service temps réel activé

🚀 PLATEFORME CRA PRÊTE POUR LA PRODUCTION ! 🚀
=======================================

🔧 Mode développement activé
📝 Logs détaillés activés
🔄 Hot reload disponible

📋 Pour tester l'API:
   curl http://0.0.0.0:3001/health
   curl http://0.0.0.0:3001/api

🔗 Liens utiles:
   📡 API Documentation: http://0.0.0.0:3001/api
   💊 Health Check: http://0.0.0.0:3001/health
   📊 Metrics: http://0.0.0.0:3001/metrics
   🔌 WebSocket Test: ws://0.0.0.0:3001/socket.io


✅ Application CRA configurée avec succès
🔌 Initialisation du service WebSocket...
🔌 Service WebSocket initialisé
🔌 Service WebSocket initialisé
💬 Initialisation du service WebSocket Chat...
💬 Service WebSocket Chat initialisé
💬 Service WebSocket Chat initialisé
📅 Configuration des tâches automatiques...
📅 Notifications récurrentes programmées
📅 Notifications récurrentes programmées
🔧 Endpoints de développement activés:
   POST /dev/restart-services - Redémarrer les services
   GET  /dev/stats - Statistiques détaillées
   POST /dev/test-notification - Tester les notifications
🎉 Serveur CRA Platform configuré avec succès !
📝 Fonctionnalités activées:
   - WebSocket temps réel
   - Notifications automatiques
   - Monitoring avancé
   - Arrêt gracieux
   - Nettoyage automatique (production)
   - Endpoints de développement (dev)

❌ Port 3001 est déjà utilisé
💡 Suggestions:
   - Changer le port: PORT=3002 npm start
   - Tuer les processus: netstat -ano | findstr :3001
   - Ou sur Linux/Mac: lsof -ti:3001 | xargs kill -9
[31m[nodemon] app crashed - waiting for file changes before starting...[39m
